gallery 18015 embedded in 832 s
X 1850 61 [('由', 0.41, 26), ('甾', 0.285, 20), ('古', 0.133, 10)] [('由', 0.414, 18), ('吉', 0.412, 4), ('名', 0.344, 0)]
X 1264 50 [('臿', 0.566, 36), ('朕', 0.104, 6), ('甾', 0.032, 1)] [('臿', 0.415, 12), ('朕', 0.296, 3), ('舂', 0.292, 2)]
X 1814 46 [('烄', 0.641, 28), ('焚/燓', 0.328, 18), ('赤', 0.004, 0)] [('赤', 0.481, 15), ('烄', 0.464, 10), ('燓', 0.435, 3)]
X 2230 42 [('逆', 0.2, 13), ('𨖹', 0.089, 7), ('武', 0.062, 2)] [('遼', 0.358, 5), ('𨖹', 0.358, 6), ('䢔', 0.315, 3)]
X 2213 40 [('飲/㱃', 0.425, 24), ('酉', 0.154, 9), ('酒', 0.063, 3)] [('配', 0.338, 3), ('㱃', 0.327, 5), ('酉', 0.303, 0)]
X 2109 39 [('求', 0.587, 25), ('𠦪', 0.112, 6), ('大', 0.049, 2)] [('求', 0.445, 15), ('爻', 0.357, 5), ('夨', 0.322, 0)]
X 2126 33 [('貴', 0.261, 15), ('祭', 0.079, 3), ('共', 0.04, 2)] [('貴', 0.393, 10), ('遣', 0.247, 0), ('𠣬', 0.23, 1)]
X 2173 32 [('䧅', 0.96, 32), ('降', 0.005, 0), ('邇', 0.004, 0)] [('䧅', 0.54, 19), ('降', 0.418, 2), ('顛', 0.373, 4)]
X 1366 30 [('眢', 0.429, 16), ('疐', 0.039, 2), ('析', 0.032, 2)] [('眢', 0.317, 3), ('鬥', 0.275, 0), ('𡎐', 0.257, 0)]
X 1485 29 [('鬯', 0.247, 8), ('擒', 0.12, 5), ('卓', 0.112, 4)] [('溫', 0.336, 3), ('擒', 0.334, 4), ('祈', 0.333, 1)]
X 1370 28 [('眉', 0.219, 12), ('萈', 0.097, 3), ('霝', 0.079, 5)] [('省', 0.4, 13), ('霾', 0.363, 0), ('目', 0.354, 0)]
X 2002 28 [('嘉', 0.758, 24), ('婦', 0.028, 1), ('㚸', 0.021, 0)] [('御', 0.333, 2), ('媟', 0.33, 2), ('嘉', 0.308, 4)]
X 2190 28 [('途', 0.794, 23), ('达', 0.109, 3), ('賓/嬪', 0.043, 2)] [('途', 0.543, 19), ('余', 0.36, 0), ('郭', 0.358, 0)]
X 1401 27 [('妻', 0.126, 5), ('㚔/幸/羍', 0.064, 2), ('射/䠶', 0.058, 4)] [('幸', 0.273, 2), ('逐', 0.269, 1), ('覃', 0.265, 0)]
X 1270 26 [('召', 0.696, 18), ('遣', 0.06, 3), ('鬯', 0.026, 1)] [('召', 0.381, 9), ('𥁑', 0.308, 2), ('笹', 0.295, 0)]
Y+H 60003 25 [('𡈼', 0.766, 24), ('尻', 0.063, 0), ('九', 0.041, 1)] [('尻', 0.631, 14), ('𡈼', 0.595, 6), ('旬', 0.528, 3)]
Y+H 60004 25 [('疾', 0.491, 22), ('伐', 0.045, 2), ('引', 0.04, 0)] [('丂', 0.434, 6), ('疾', 0.433, 3), ('身', 0.428, 2)]
Y+H 6000A 25 [('屎', 0.897, 25), ('毓/育', 0.013, 0), ('尾', 0.01, 0)] [('屎', 0.603, 16), ('𡱂', 0.536, 5), ('尸', 0.496, 2)]
Y+H 60012 25 [('身', 0.769, 23), ('月/夕', 0.02, 0), ('孕', 0.01, 0)] [('家', 0.446, 10), ('蔡', 0.407, 1), ('氏', 0.393, 2)]
Y+H 60013 25 [('殷', 0.639, 24), ('𢌳', 0.046, 0), ('祭', 0.027, 0)] [('殷', 0.543, 17), ('㐱', 0.393, 1), ('介', 0.386, 2)]
