X 1850 61 [('由', 0.41, 26), ('甾', 0.285, 20), ('古', 0.133, 10), ('山', 0.035, 2), ('止', 0.013, 1)] [('由', 0.414, 18), ('吉', 0.412, 4), ('名', 0.344, 0), ('旨', 0.342, 2), ('口', 0.339, 7)]
X 1264 50 [('臿', 0.566, 36), ('朕', 0.104, 6), ('甾', 0.032, 1), ('御/禦', 0.014, 1), ('舂', 0.013, 1)] [('臿', 0.415, 12), ('朕', 0.296, 3), ('舂', 0.292, 2), ('通', 0.285, 0), ('炎', 0.281, 1)]
X 1814 46 [('烄', 0.641, 28), ('焚/燓', 0.328, 18), ('赤', 0.004, 0), ('竂/寮', 0.002, 0), ('岳/嶽', 0.001, 0)] [('赤', 0.481, 15), ('烄', 0.464, 10), ('燓', 0.435, 3), ('焚', 0.395, 0), ('呈', 0.375, 1)]
X 2230 42 [('逆', 0.2, 13), ('𨖹', 0.089, 7), ('武', 0.062, 2), ('途', 0.059, 4), ('遘', 0.055, 3)] [('遼', 0.358, 5), ('𨖹', 0.358, 6), ('䢔', 0.315, 3), ('达', 0.308, 2), ('逐', 0.293, 1)]
X 2213 40 [('飲/㱃', 0.425, 24), ('酉', 0.154, 9), ('酒', 0.063, 3), ('福', 0.035, 1), ('眔', 0.029, 2)] [('配', 0.338, 3), ('㱃', 0.327, 5), ('酉', 0.303, 0), ('湄', 0.262, 0), ('彭', 0.26, 1)]
X 2109 39 [('求', 0.587, 25), ('𠦪', 0.112, 6), ('大', 0.049, 2), ('夨', 0.034, 1), ('犬', 0.033, 1)] [('求', 0.445, 15), ('爻', 0.357, 5), ('夨', 0.322, 0), ('祗', 0.316, 1), ('學', 0.31, 0)]
X 2126 33 [('貴', 0.261, 15), ('祭', 0.079, 3), ('共', 0.04, 2), ('登/𤼷', 0.036, 1), ('皿', 0.032, 2)] [('貴', 0.393, 10), ('遣', 0.247, 0), ('𠣬', 0.23, 1), ('廾', 0.229, 0), ('竝', 0.227, 1)]
X 2173 32 [('䧅', 0.96, 32), ('降', 0.005, 0), ('邇', 0.004, 0), ('夷', 0.002, 0), ('顛', 0.002, 0)] [('䧅', 0.54, 19), ('降', 0.418, 2), ('顛', 0.373, 4), ('彗', 0.328, 1), ('陽', 0.318, 0)]
X 1366 30 [('眢', 0.429, 16), ('疐', 0.039, 2), ('析', 0.032, 2), ('剌', 0.025, 1), ('此', 0.015, 1)] [('眢', 0.317, 3), ('鬥', 0.275, 0), ('𡎐', 0.257, 0), ('娕', 0.247, 0), ('芻', 0.243, 1)]
X 1485 29 [('鬯', 0.247, 8), ('擒', 0.12, 5), ('卓', 0.112, 4), ('旨', 0.059, 2), ('爭/争', 0.046, 2)] [('溫', 0.336, 3), ('擒', 0.334, 4), ('祈', 0.333, 1), ('乘', 0.296, 2), ('枼', 0.292, 0)]
X 1370 28 [('眉', 0.219, 12), ('萈', 0.097, 3), ('霝', 0.079, 5), ('視', 0.057, 4), ('羽', 0.023, 0)] [('省', 0.4, 13), ('霾', 0.363, 0), ('目', 0.354, 0), ('雹', 0.346, 2), ('雩', 0.332, 3)]
X 2002 28 [('嘉', 0.758, 24), ('婦', 0.028, 1), ('㚸', 0.021, 0), ('友', 0.019, 1), ('牡', 0.018, 1)] [('御', 0.333, 2), ('媟', 0.33, 2), ('嘉', 0.308, 4), ('姪', 0.304, 2), ('婦', 0.284, 0)]
X 2190 28 [('途', 0.794, 23), ('达', 0.109, 3), ('賓/嬪', 0.043, 2), ('武', 0.01, 0), ('逐', 0.003, 0)] [('途', 0.543, 19), ('余', 0.36, 0), ('郭', 0.358, 0), ('夆', 0.35, 0), ('舍', 0.34, 0)]
X 1401 27 [('妻', 0.126, 5), ('㚔/幸/羍', 0.064, 2), ('射/䠶', 0.058, 4), ('舂', 0.056, 2), ('墉/𩫏', 0.04, 3)] [('幸', 0.273, 2), ('逐', 0.269, 1), ('覃', 0.265, 0), ('墉', 0.264, 0), ('逸', 0.263, 0)]
X 1270 26 [('召', 0.696, 18), ('遣', 0.06, 3), ('鬯', 0.026, 1), ('鄉/饗', 0.019, 1), ('飲/㱃', 0.012, 2)] [('召', 0.381, 9), ('𥁑', 0.308, 2), ('笹', 0.295, 0), ('䢅', 0.294, 1), ('農', 0.293, 1)]
Y+H 60003 25 [('𡈼', 0.766, 24), ('尻', 0.063, 0), ('九', 0.041, 1), ('臀/𡱂', 0.023, 0), ('㠯/以', 0.012, 0)] [('尻', 0.631, 14), ('𡈼', 0.595, 6), ('旬', 0.528, 3), ('及', 0.494, 1), ('身', 0.494, 0)]
Y+H 60004 25 [('疾', 0.491, 22), ('伐', 0.045, 2), ('引', 0.04, 0), ('尸', 0.034, 0), ('北', 0.028, 0)] [('丂', 0.434, 6), ('疾', 0.433, 3), ('身', 0.428, 2), ('尻', 0.428, 5), ('六', 0.399, 2)]
Y+H 6000A 25 [('屎', 0.897, 25), ('毓/育', 0.013, 0), ('尾', 0.01, 0), ('尿/溺/㲻', 0.009, 0), ('疾', 0.009, 0)] [('屎', 0.603, 16), ('𡱂', 0.536, 5), ('尸', 0.496, 2), ('臀', 0.475, 0), ('身', 0.44, 0)]
Y+H 60012 25 [('身', 0.769, 23), ('月/夕', 0.02, 0), ('孕', 0.01, 0), ('取', 0.008, 1), ('殷', 0.007, 0)] [('家', 0.446, 10), ('蔡', 0.407, 1), ('氏', 0.393, 2), ('㠯', 0.391, 1), ('𠬝', 0.368, 1)]
Y+H 60013 25 [('殷', 0.639, 24), ('𢌳', 0.046, 0), ('祭', 0.027, 0), ('取', 0.025, 1), ('發', 0.019, 0)] [('殷', 0.543, 17), ('㐱', 0.393, 1), ('介', 0.386, 2), ('汏', 0.384, 0), ('𡱂', 0.366, 2)]
