X 297 25 [('妟', 0.43, 17), ('女', 0.152, 4), ('孕', 0.081, 2), ('妾', 0.077, 2), ('每', 0.034, 0)] [('妾', 0.388, 5), ('癭', 0.34, 2), ('女', 0.33, 2), ('妟', 0.308, 3), ('媚', 0.294, 0)]
X 1212 20 [('奔', 0.094, 2), ('危', 0.081, 2), ('盡', 0.035, 2), ('弘', 0.03, 1), ('厃', 0.026, 1)] [('𤰇', 0.303, 0), ('箙', 0.281, 0), ('田', 0.281, 0), ('瓚', 0.279, 0), ('亯', 0.269, 0)]
X 956 18 [('丙', 0.417, 9), ('商', 0.274, 6), ('斝', 0.029, 1), ('貞', 0.028, 0), ('晶', 0.027, 2)] [('商', 0.38, 2), ('尚', 0.347, 3), ('貞', 0.336, 2), ('几', 0.326, 0), ('朊', 0.304, 0)]
X 278 17 [('茍/苟', 0.293, 7), ('先', 0.253, 6), ('每', 0.142, 4), ('欠', 0.025, 0), ('失', 0.018, 0)] [('弋', 0.348, 2), ('敖', 0.331, 0), ('割', 0.313, 1), ('朱', 0.3, 1), ('茍', 0.298, 0)]
X 276 16 [('光', 0.499, 10), ('兄', 0.09, 2), ('鼄', 0.035, 0), ('襄', 0.029, 1), ('頁', 0.027, 1)] [('光', 0.371, 3), ('襄', 0.318, 2), ('夏', 0.294, 1), ('鼄', 0.292, 0), ('鬼', 0.291, 0)]
X 690 15 [('陷', 0.097, 2), ('岳/嶽', 0.071, 1), ('艸', 0.063, 2), ('皆', 0.053, 1), ('吢', 0.038, 2)] [('艸', 0.364, 4), ('在', 0.324, 0), ('鳖', 0.296, 0), ('岳', 0.292, 1), ('遣', 0.287, 0)]
X 461 14 [('取', 0.453, 9), ('度', 0.045, 0), ('畋', 0.025, 1), ('祭', 0.023, 1), ('雝', 0.022, 1)] [('畋', 0.386, 4), ('取', 0.362, 1), ('匚', 0.336, 0), ('祭', 0.332, 0), ('鄰', 0.329, 1)]
X 48 14 [('曾', 0.15, 4), ('丘', 0.122, 2), ('兮', 0.105, 3), ('匚', 0.05, 1), ('㠭/展', 0.027, 1)] [('幽', 0.362, 1), ('匚', 0.356, 0), ('示', 0.319, 2), ('火', 0.312, 0), ('茲', 0.311, 1)]
X 1148 13 [('異', 0.081, 1), ('天', 0.05, 1), ('黑', 0.049, 1), ('煮', 0.044, 2), ('畫', 0.034, 1)] [('孟', 0.383, 2), ('異', 0.335, 0), ('天', 0.333, 2), ('屯', 0.322, 1), ('亲', 0.302, 2)]
X 1008 13 [('周', 0.306, 5), ('𠧞', 0.174, 4), ('宜/宐', 0.167, 3), ('囿', 0.027, 0), ('占', 0.025, 1)] [('𠧞', 0.517, 6), ('禍', 0.457, 2), ('囿', 0.448, 0), ('占', 0.438, 0), ('宐', 0.423, 2)]
X 391 12 [('㠭/展', 0.519, 9), ('淵', 0.077, 1), ('吅/鄰', 0.05, 0), ('唐', 0.039, 1), ('匚', 0.018, 0)] [('由', 0.475, 5), ('㠭', 0.437, 0), ('首', 0.432, 3), ('協', 0.427, 0), ('昌', 0.427, 2)]
X 395 11 [('㠭/展', 0.236, 5), ('朁', 0.044, 1), ('示', 0.037, 0), ('其/箕', 0.029, 1), ('晉', 0.025, 0)] [('朁', 0.434, 2), ('展', 0.421, 2), ('𠯑', 0.345, 0), ('䄆', 0.343, 0), ('協', 0.341, 0)]
X 113 10 [('免', 0.491, 7), ('羌', 0.177, 2), ('雈/萑', 0.069, 1), ('姜', 0.015, 0), ('萈', 0.011, 0)] [('免', 0.459, 5), ('髦', 0.382, 2), ('羌', 0.38, 1), ('茍', 0.347, 0), ('羆', 0.338, 0)]
X 462 10 [('肇/肈/肁', 0.782, 8), ('畋', 0.098, 1), ('啟/啓', 0.043, 1), ('般', 0.005, 0), ('受', 0.004, 0)] [('畋', 0.439, 3), ('肇', 0.426, 2), ('朕', 0.365, 0), ('取', 0.35, 1), ('雹', 0.345, 0)]
X 773 10 [('豕', 0.211, 4), ('馬', 0.101, 0), ('豭', 0.1, 1), ('尊', 0.047, 1), ('炎', 0.037, 1)] [('棘', 0.323, 1), ('虐', 0.297, 3), ('㐁', 0.29, 0), ('𦏧', 0.274, 0), ('鹿', 0.273, 0)]
X 800 10 [('獻', 0.247, 4), ('姛', 0.149, 2), ('甗', 0.089, 0), ('祝', 0.076, 2), ('風/鳳/鳯', 0.05, 2)] [('虘', 0.391, 2), ('姛', 0.354, 1), ('𠭯', 0.343, 1), ('娠', 0.337, 1), ('獻', 0.32, 1)]
X 833 10 [('隻/獲', 0.176, 3), ('癸', 0.175, 3), ('帝', 0.105, 1), ('岳/嶽', 0.072, 1), ('琮', 0.06, 1)] [('岳', 0.303, 0), ('癸', 0.284, 2), ('麐', 0.269, 0), ('琮', 0.258, 1), ('𤓪', 0.254, 1)]
X 857 10 [('龜', 0.231, 3), ('冓', 0.105, 3), ('兆', 0.061, 1), ('薦', 0.029, 1), ('魚', 0.029, 1)] [('冉', 0.354, 1), ('瘥', 0.34, 1), ('虹', 0.327, 0), ('龜', 0.311, 0), ('由', 0.292, 0)]
X 1054 10 [('刜', 0.293, 4), ('利', 0.061, 1), ('牝', 0.035, 1), ('𦄑', 0.024, 1), ('異', 0.021, 1)] [('剢', 0.326, 2), ('剛', 0.323, 0), ('利', 0.291, 0), ('殊', 0.29, 0), ('洀', 0.286, 0)]
X 264 9 [('御/禦', 0.19, 1), ('次', 0.185, 2), ('𠨘', 0.116, 3), ('辟', 0.102, 2), ('卩', 0.081, 1)] [('次', 0.395, 3), ('委', 0.34, 1), ('耳', 0.338, 0), ('聮', 0.334, 0), ('医', 0.333, 1)]
X 299 9 [('妍/姸', 0.446, 5), ('媚', 0.122, 1), ('娥', 0.062, 1), ('妾', 0.034, 0), ('妻', 0.019, 0)] [('叔', 0.298, 1), ('逸', 0.295, 0), ('妍', 0.292, 1), ('娥', 0.287, 0), ('𠭖', 0.283, 0)]
X 839 9 [('燕', 0.825, 8), ('魚', 0.093, 1), ('雀', 0.006, 0), ('疑/𠤗', 0.005, 0), ('耑', 0.003, 0)] [('燕', 0.465, 2), ('祗', 0.333, 0), ('𤉡', 0.327, 0), ('鷄', 0.309, 0), ('美', 0.307, 0)]
X 849 9 [('祀/禩', 0.339, 3), ('祼', 0.141, 2), ('戠', 0.101, 2), ('祐', 0.045, 1), ('祏', 0.035, 0)] [('祀', 0.376, 2), ('猶', 0.326, 0), ('主', 0.298, 0), ('祝', 0.283, 0), ('歲', 0.28, 0)]
X 1153 9 [('狐', 0.274, 3), ('耤', 0.102, 1), ('彖', 0.095, 3), ('豖', 0.042, 1), ('刖', 0.029, 1)] [('犬', 0.283, 0), ('爽', 0.262, 0), ('防', 0.25, 0), ('裘', 0.247, 0), ('巴', 0.243, 0)]
X 1195 9 [('冊/册', 0.336, 5), ('弗', 0.166, 1), ('血', 0.129, 2), ('𨪐', 0.114, 1), ('用', 0.037, 0)] [('册', 0.562, 3), ('冊', 0.542, 1), ('弗', 0.525, 1), ('𨪐', 0.522, 2), ('毌', 0.513, 1)]
X 39 9 [('酉', 0.485, 6), ('祼', 0.335, 3), ('酓', 0.019, 0), ('福', 0.014, 0), ('䊤', 0.006, 0)] [('酉', 0.478, 3), ('祼', 0.471, 3), ('酓', 0.371, 0), ('瓒', 0.369, 0), ('吾', 0.363, 1)]
X 358 8 [('𣪕/𣪘/㲃', 0.46, 6), ('肇/肈/肁', 0.071, 0), ('臤', 0.052, 1), ('既', 0.051, 1), ('觳', 0.03, 0)] [('畋', 0.366, 0), ('濤', 0.345, 0), ('㝵', 0.33, 1), ('剢', 0.315, 0), ('臣', 0.31, 0)]
X 365 8 [('眉', 0.819, 7), ('山', 0.02, 1), ('車', 0.012, 0), ('射/䠶', 0.008, 0), ('虍', 0.006, 0)] [('眉', 0.49, 4), ('目', 0.362, 1), ('山', 0.326, 0), ('𦟀', 0.323, 0), ('禺', 0.319, 0)]
X 473 8 [('叟/叜', 0.229, 3), ('耑', 0.17, 2), ('萬', 0.102, 1), ('爇', 0.086, 0), ('燎/尞', 0.064, 1)] [('叜', 0.35, 1), ('爇', 0.333, 2), ('皀', 0.313, 0), ('萬', 0.305, 0), ('汊', 0.3, 1)]
X 1190 8 [('璞', 0.744, 6), ('弄', 0.065, 1), ('囿', 0.061, 1), ('周', 0.015, 0), ('困', 0.012, 0)] [('璞', 0.529, 5), ('買', 0.334, 0), ('罩', 0.31, 0), ('變', 0.307, 0), ('潾', 0.304, 0)]
X 82 8 [('乎', 0.473, 6), ('鼠', 0.071, 1), ('兮', 0.06, 1), ('米', 0.058, 0), ('主', 0.039, 0)] [('米', 0.441, 0), ('汊', 0.431, 3), ('乎', 0.407, 2), ('鼠', 0.36, 0), ('少', 0.353, 0)]
